<krpano>
    <style name="icon-png" url="../images/sprite.png" crop="0|0|136|136"/>
    <style name="icon-jpg" url="../images/sprite.png" crop="0|136|520|520"/>
</krpano>